eeschema (2012-01-21 BZR 3373)-stable  >> Creation date: So 04 Mär 2012 16:44:11 CET

#Cmp ( order = Reference )
| C1         100uF       ;             
| C2         100nF       ;             
| C3         1000uF      ;             
| C4         470pF       ;             
| C5         100nF       ;             
| C6         1000uF      ;             
| C7         22pF        ;             
| C8         22pF        ;             
| C9         1000uF      ;             
| C10        100uF       ;             
| C11        22 pF       ;             
| C12        22 pF       ;             
| C13        10uF        ;             
| C14        100uF       ;             
| C15        470pF       ;             
| C16        100nF       ;             
| C17        100nF       ;             
| C18        100uF       ;             
| C19        100nF       ;             
| C20        1000uF      ;             
| C21        1000uF      ;             
| C22        100nF       ;             
| C23        100nF       ;             
| C24        100nF       ;             
| C25        100nF       ;             
| C26        100nF       ;             
| C27        100nF       ;             
| CON1       AVR-ISP-6   ; AVR-ISP-6   
| D1         1N5819      ;             
| D2         1N5819      ;             
| D3         LED         ;             
| IC1        PT4115      ;             
| IC2        PT4115      ;             
| IC3        PT4115      ;             
| IC4        PT4115      ;             
| IC5        PT4115      ;             
| IC6        PT4115      ;             
| IC7        PT4115      ;             
| IC8        PT4115      ;             
| IC9        ATMEGA644-P ; DIL40       
| IC10       PT4115      ;             
| IC11       PT4115      ;             
| IC12       PT4115      ;             
| IC13       PT4115      ;             
| IC14       PT4115      ;             
| IC15       PT4115      ;             
| IC16       PT4115      ;             
| IC17       PT4115      ;             
| IC18       PCA9685     ;             
| IC19       ADM485      ;             
| K1         CONN_3      ;             
| L1         100uH       ;             
| L2         10uH        ;             
| L3         100uH       ;             
| P1         TRJ0011BANL ;             
| P2         CONN_1      ;             
| P3         CONN_1      ;             
| R1         0.22        ;             
| R2         10k         ;             
| R3         4.7k        ;             
| R4         1.5k        ;             
| R5         2.2k        ;             
| R6         2k2         ;             
| R7         0.22        ;             
| R8         49.9        ;             
| R9         49.9        ;             
| R10        49.9        ;             
| R11        49.9        ;             
| R12        4k7         ;             
| R13        220         ;             
| R14        4k7         ;             
| R15        220         ;             
| R16        18k         ;             
| R17        11k         ;             
| R18        220         ;             
| R19        0           ;             
| R20        0           ;             
| R21        0           ;             
| U1         MC34063     ;             
| U2         ENC28J60    ;             
| U3         MC34063     ;             
| X1         20.00 Mhz   ;             
| X2         25 Mhz      ;             
#End Cmp

#Cmp ( order = Value )
| 0            R19       ;             
| 0            R20       ;             
| 0            R21       ;             
| 0.22         R1        ;             
| 0.22         R7        ;             
| 1.5k         R4        ;             
| 1000uF       C3        ;             
| 1000uF       C6        ;             
| 1000uF       C9        ;             
| 1000uF       C20       ;             
| 1000uF       C21       ;             
| 100nF        C2        ;             
| 100nF        C5        ;             
| 100nF        C16       ;             
| 100nF        C17       ;             
| 100nF        C19       ;             
| 100nF        C22       ;             
| 100nF        C23       ;             
| 100nF        C24       ;             
| 100nF        C25       ;             
| 100nF        C26       ;             
| 100nF        C27       ;             
| 100uF        C1        ;             
| 100uF        C10       ;             
| 100uF        C14       ;             
| 100uF        C18       ;             
| 100uH        L1        ;             
| 100uH        L3        ;             
| 10k          R2        ;             
| 10uF         C13       ;             
| 10uH         L2        ;             
| 11k          R17       ;             
| 18k          R16       ;             
| 1N5819       D1        ;             
| 1N5819       D2        ;             
| 2.2k         R5        ;             
| 20.00 Mhz    X1        ;             
| 22 pF        C11       ;             
| 22 pF        C12       ;             
| 220          R13       ;             
| 220          R15       ;             
| 220          R18       ;             
| 22pF         C7        ;             
| 22pF         C8        ;             
| 25 Mhz       X2        ;             
| 2k2          R6        ;             
| 4.7k         R3        ;             
| 470pF        C4        ;             
| 470pF        C15       ;             
| 49.9         R8        ;             
| 49.9         R9        ;             
| 49.9         R10       ;             
| 49.9         R11       ;             
| 4k7          R12       ;             
| 4k7          R14       ;             
| ADM485       IC19      ;             
| ATMEGA644-P  IC9       ; DIL40       
| AVR-ISP-6    CON1      ; AVR-ISP-6   
| CONN_1       P2        ;             
| CONN_1       P3        ;             
| CONN_3       K1        ;             
| ENC28J60     U2        ;             
| LED          D3        ;             
| MC34063      U1        ;             
| MC34063      U3        ;             
| PCA9685      IC18      ;             
| PT4115       IC1       ;             
| PT4115       IC2       ;             
| PT4115       IC3       ;             
| PT4115       IC4       ;             
| PT4115       IC5       ;             
| PT4115       IC6       ;             
| PT4115       IC7       ;             
| PT4115       IC8       ;             
| PT4115       IC10      ;             
| PT4115       IC11      ;             
| PT4115       IC12      ;             
| PT4115       IC13      ;             
| PT4115       IC14      ;             
| PT4115       IC15      ;             
| PT4115       IC16      ;             
| PT4115       IC17      ;             
| TRJ0011BANL  P1        ;             
#End Cmp

#End List
